attributes:
  apiVersion: apps/v1
  kind: Deployment
  metadata:
    name: sampleappprod
    namespace: sampleapp
  spec:
    replicas: 1
    selector:
      matchLabels:
        app.kubernetes.io/env: prod
        app.kubernetes.io/instance: sampleapp-prod
        app.kubernetes.io/name: sampleapp
        cluster.x-k8s.io/cluster-name: demo-cluster-name
    template:
      metadata:
        labels:
          app.kubernetes.io/env: prod
          app.kubernetes.io/instance: sampleapp-prod
          app.kubernetes.io/name: sampleapp
          cluster.x-k8s.io/cluster-name: demo-cluster-name
      spec:
        containers:
        - image: gcr.io/google-samples/gb-frontend:v4
          name: main
          volumeMounts:
          - mountPath: /home/admin/logs
            name: log-volume
          resources:
            limits:
              cpu: 100m
              memory: 100Mi
              ephemeral-storage: 1Gi
            requests:
              cpu: 100m
              memory: 100Mi
              ephemeral-storage: 1Gi
        volumes:
        - name: log-volume
          emptyDir: {}
dependsOn:
- v1:Namespace:sampleapp
id: apps/v1:Deployment:sampleapp:sampleappprod
type: Kubernetes
---
attributes:
  apiVersion: v1
  kind: Namespace
  metadata:
    name: sampleapp
id: v1:Namespace:sampleapp
type: Kubernetes
