apiVersion: monitoring.coreos.com/v1
kind: PrometheusRule
metadata:
  labels:
    prometheus: main
    role: alert-rules
  name: alert
  namespace: default
spec:
  groups:
  - name: alert.rules
    rules:
    - alert: WebhookAlert
      expr: vector(1)