id: apps/v1:Deployment:sampleapp:sampleappprod
type: Kubernetes
dependsOn:
- v1:Namespace:sampleapp
attributes:
  apiVersion: apps/v1
  kind: Deployment
  metadata:
    name: sampleappprod
    namespace: sampleapp
  spec:
    replicas: 1
    selector:
      matchLabels:
        app.kubernetes.io/name: sampleapp
        app.kubernetes.io/env: prod
        app.kubernetes.io/instance: sampleapp-prod
        cluster.x-k8s.io/cluster-name: demo-cluster-name
        app.kubernetes.io/component: sampleappprod
    template:
      metadata:
        labels:
          app.kubernetes.io/name: sampleapp
          app.kubernetes.io/env: prod
          app.kubernetes.io/instance: sampleapp-prod
          cluster.x-k8s.io/cluster-name: demo-cluster-name
          app.kubernetes.io/component: sampleappprod
      spec:
        containers:
        - image: gcr.io/google-samples/gb-frontend:v4
          name: main
          resources:
            limits:
              cpu: '1'
              memory: 1Gi
              ephemeral-storage: 30Gi
            requests:
              cpu: '1'
              memory: 1Gi
              ephemeral-storage: 30Gi
---
id: v1:Namespace:sampleapp
type: Kubernetes
attributes:
  apiVersion: v1
  kind: Namespace
  metadata:
    name: sampleapp
