- id: aliyun:alicloud:alicloud_vpc:alicloud_vpc
  type: Terraform
  attributes:
    cidr_block: 172.16.0.0/16
    vpc_name: alicloud_vpc
  extensions:
    provider: registry.terraform.io/aliyun/alicloud/1.201.1
    providerMeta:
        region: cn-beijing
    resourceType: alicloud_vpc
- id: aliyun:alicloud:alicloud_vswitch:alicloud_vswitch
  type: Terraform
  attributes:
    availability_zone: cn-beijing-b
    cidr_block: 172.16.0.0/21
    vpc_id: $kusion_path.aliyun:alicloud:alicloud_vpc:alicloud_vpc.id
    vswitch_name: alicloud_vswitch
  extensions:
    provider: registry.terraform.io/aliyun/alicloud/1.201.1
    providerMeta:
        region: cn-beijing
    resourceType: alicloud_vswitch
- id: aliyun:alicloud:alicloud_security_group:alicloud_security_group
  type: Terraform
  attributes:
    description: alicloud-security-group
    name: alicloud_security_group
    vpc_id: $kusion_path.aliyun:alicloud:alicloud_vpc:alicloud_vpc.id
  extensions:
    provider: registry.terraform.io/aliyun/alicloud/1.201.1
    providerMeta:
        region: cn-beijing
    resourceType: alicloud_security_group
- id: aliyun:alicloud:alicloud_instance:kusion-alicloud-instance
  type: Terraform
  attributes:
    availability_zone: cn-beijing-b
    image_id: ubuntu_18_04_64_20G_alibase_20190624.vhd
    instance_name: kusion-alicloud-instance
    instance_type: ecs.n2.small
    internet_charge_type: PayByTraffic
    password: Demokusion
    security_groups:
        - $kusion_path.aliyun:alicloud:alicloud_security_group:alicloud_security_group.id
    system_disk_category: cloud_efficiency
    vswitch_id: $kusion_path.aliyun:alicloud:alicloud_vswitch:alicloud_vswitch.id
  extensions:
    provider: registry.terraform.io/aliyun/alicloud/1.201.1
    providerMeta:
        region: cn-beijing
    resourceType: alicloud_instance
- id: aliyun:alicloud:alicloud_instance:kusion-alicloud-instance2
  type: Terraform
  attributes:
    availability_zone: cn-beijing-b
    image_id: ubuntu_18_04_64_20G_alibase_20190624.vhd
    instance_name: kusion-alicloud-instance2
    instance_type: ecs.n2.small
    internet_charge_type: PayByTraffic
    password: Demokusion
    security_groups:
        - $kusion_path.aliyun:alicloud:alicloud_security_group:alicloud_security_group.id
    system_disk_category: cloud_efficiency
    vswitch_id: $kusion_path.aliyun:alicloud:alicloud_vswitch:alicloud_vswitch.id
  extensions:
    provider: registry.terraform.io/aliyun/alicloud/1.201.1
    providerMeta:
        region: cn-beijing
    resourceType: alicloud_instance
