id: apps/v1:Deployment:guestbook:redis-leader
type: Kubernetes
dependsOn:
- v1:Namespace:guestbook
- v1:Service:guestbook:redis-leader
- v1:Service:guestbook:redis-follower
- v1:Service:guestbook:frontend
attributes:
  apiVersion: apps/v1
  kind: Deployment
  metadata:
    labels:
      app: redis
      role: leader
      tier: backend
    name: redis-leader
    namespace: guestbook
  spec:
    replicas: 1
    selector:
      matchLabels:
        app.kubernetes.io/name: guestbook
        app.kubernetes.io/env: prod
        app.kubernetes.io/instance: guestbook-prod
        cluster.x-k8s.io/cluster-name: demo-cluster-name
        app: redis
    template:
      metadata:
        labels:
          app.kubernetes.io/name: guestbook
          app.kubernetes.io/env: prod
          app.kubernetes.io/instance: guestbook-prod
          cluster.x-k8s.io/cluster-name: demo-cluster-name
          role: leader
          tier: backend
          app: redis
      spec:
        containers:
        - image: docker.io/redis:6.0.5
          name: leader
          ports:
          - containerPort: 6379
            protocol: TCP
          resources:
            limits:
              cpu: 100m
              memory: 100Mi
              ephemeral-storage: 1Gi
            requests:
              cpu: 100m
              memory: 100Mi
              ephemeral-storage: 1Gi
---
id: apps/v1:Deployment:guestbook:redis-follower
type: Kubernetes
dependsOn:
- v1:Namespace:guestbook
- v1:Service:guestbook:redis-leader
- v1:Service:guestbook:redis-follower
- v1:Service:guestbook:frontend
attributes:
  apiVersion: apps/v1
  kind: Deployment
  metadata:
    labels:
      app: redis
      role: follower
      tier: backend
    name: redis-follower
    namespace: guestbook
  spec:
    replicas: 1
    selector:
      matchLabels:
        app.kubernetes.io/name: guestbook
        app.kubernetes.io/env: prod
        app.kubernetes.io/instance: guestbook-prod
        cluster.x-k8s.io/cluster-name: demo-cluster-name
        app: redis
    template:
      metadata:
        labels:
          app.kubernetes.io/name: guestbook
          app.kubernetes.io/env: prod
          app.kubernetes.io/instance: guestbook-prod
          cluster.x-k8s.io/cluster-name: demo-cluster-name
          app: redis
          tier: backend
          role: follower
      spec:
        containers:
        - image: gcr.io/google_samples/gb-redis-follower:v2
          name: follower
          ports:
          - containerPort: 6379
            protocol: TCP
          resources:
            limits:
              cpu: 100m
              memory: 100Mi
              ephemeral-storage: 1Gi
            requests:
              cpu: 100m
              memory: 100Mi
              ephemeral-storage: 1Gi
---
id: apps/v1:Deployment:guestbook:frontend
type: Kubernetes
dependsOn:
- v1:Namespace:guestbook
- v1:Service:guestbook:redis-leader
- v1:Service:guestbook:redis-follower
- v1:Service:guestbook:frontend
attributes:
  apiVersion: apps/v1
  kind: Deployment
  metadata:
    name: frontend
    namespace: guestbook
  spec:
    replicas: 1
    selector:
      matchLabels:
        app.kubernetes.io/name: guestbook
        app.kubernetes.io/env: prod
        app.kubernetes.io/instance: guestbook-prod
        cluster.x-k8s.io/cluster-name: demo-cluster-name
        tier: frontend
    template:
      metadata:
        labels:
          app.kubernetes.io/name: guestbook
          app.kubernetes.io/env: prod
          app.kubernetes.io/instance: guestbook-prod
          cluster.x-k8s.io/cluster-name: demo-cluster-name
          tier: frontend
      spec:
        containers:
        - env:
          - name: GET_HOSTS_FROM
            value: dns
          image: gcr.io/google-samples/gb-frontend:v3
          name: php-redis
          ports:
          - containerPort: 80
            protocol: TCP
          resources:
            limits:
              cpu: 100m
              memory: 100Mi
              ephemeral-storage: 1Gi
            requests:
              cpu: 100m
              memory: 100Mi
              ephemeral-storage: 1Gi
---
id: v1:Namespace:guestbook
type: Kubernetes
attributes:
  apiVersion: v1
  kind: Namespace
  metadata:
    name: guestbook
---
id: v1:Service:guestbook:redis-leader
type: Kubernetes
dependsOn:
- v1:Namespace:guestbook
attributes:
  apiVersion: v1
  kind: Service
  metadata:
    name: redis-leader
    namespace: guestbook
  spec:
    ports:
    - port: 6379
    selector:
      app.kubernetes.io/name: guestbook
      app.kubernetes.io/env: prod
      app.kubernetes.io/instance: guestbook-prod
      cluster.x-k8s.io/cluster-name: demo-cluster-name
      app: redis
---
id: v1:Service:guestbook:redis-follower
type: Kubernetes
dependsOn:
- v1:Namespace:guestbook
attributes:
  apiVersion: v1
  kind: Service
  metadata:
    name: redis-follower
    namespace: guestbook
  spec:
    ports:
    - port: 6379
    selector:
      app.kubernetes.io/name: guestbook
      app.kubernetes.io/env: prod
      app.kubernetes.io/instance: guestbook-prod
      cluster.x-k8s.io/cluster-name: demo-cluster-name
      app: redis
---
id: v1:Service:guestbook:frontend
type: Kubernetes
dependsOn:
- v1:Namespace:guestbook
attributes:
  apiVersion: v1
  kind: Service
  metadata:
    name: frontend
    namespace: guestbook
  spec:
    ports:
    - port: 80
    selector:
      app.kubernetes.io/name: guestbook
      app.kubernetes.io/env: prod
      app.kubernetes.io/instance: guestbook-prod
      cluster.x-k8s.io/cluster-name: demo-cluster-name
      tier: frontend
