- id: aliyun:alicloud:alicloud_oss_bucket:kusion-oss
  type: Terraform
  attributes:
    acl: private
    bucket: kusion-oss
  extensions:
    provider: registry.terraform.io/aliyun/alicloud/1.201.1
    providerMeta:
        region: cn-beijing
    resourceType: alicloud_oss_bucket
