attributes:
  apiVersion: apps/v1
  kind: Deployment
  metadata:
    name: sampleappprod
    namespace: sampleapp
  spec:
    replicas: 1
    selector:
      matchLabels:
        app.kubernetes.io/env: prod
        app.kubernetes.io/instance: sampleapp-prod
        app.kubernetes.io/name: sampleapp
        cluster.x-k8s.io/cluster-name: demo-cluster-name
    template:
      metadata:
        labels:
          app.kubernetes.io/env: prod
          app.kubernetes.io/instance: sampleapp-prod
          app.kubernetes.io/name: sampleapp
          cluster.x-k8s.io/cluster-name: demo-cluster-name
      spec:
        containers:
        - args:
          - start
          command:
          - /home/admin/server.sh
          env:
          - name: app.version
            value: v1.0.0
          envFrom:
          - configMapRef:
              name: my-configmap
          image: gcr.io/google-samples/gb-frontend:v4
          name: main
          ports:
          - containerPort: 12201
            protocol: TCP
          lifecycle:
            preStop:
              exec:
                command:
                - /bin/sh
                - -c
                - echo 1
          livenessProbe:
            failureThreshold: 3
            initialDelaySeconds: 30
            periodSeconds: 5
            successThreshold: 1
            timeoutSeconds: 10
            exec:
              command:
              - /bin/sh
              - -c
              - echo livenessProbe
          readinessProbe:
            failureThreshold: 3
            initialDelaySeconds: 30
            periodSeconds: 5
            successThreshold: 2
            timeoutSeconds: 10
            exec:
              command:
              - /bin/sh
              - -c
              - echo readinessProbe
          resources:
            limits:
              cpu: 100m
              memory: 100Mi
              ephemeral-storage: 1Gi
            requests:
              cpu: 100m
              memory: 100Mi
              ephemeral-storage: 1Gi
          startupProbe:
            failureThreshold: 3
            initialDelaySeconds: 30
            periodSeconds: 5
            successThreshold: 2
            timeoutSeconds: 10
            exec:
              command:
              - /bin/sh
              - -c
              - echo startupProbe
dependsOn:
- v1:Namespace:sampleapp
id: apps/v1:Deployment:sampleapp:sampleappprod
type: Kubernetes
---
attributes:
  apiVersion: v1
  kind: Namespace
  metadata:
    name: sampleapp
id: v1:Namespace:sampleapp
type: Kubernetes
